<!DOCTYPE html>
<html>
  <head>
    <title>My title</title>
  </head>
  <body>
    <div class="a-simple-grid">
  <div class="a-simple-grid--block1">
    <div class="a-simple-grid">
  <div class="a-simple-grid--block1">
    My content 1
  </div>
  <div class="a-simple-grid--block2">
    My content 2
  </div>
</div>
  </div>
  <div class="a-simple-grid--block2">
    <div class="a-simple-grid">
  <div class="a-simple-grid--block1">
    My content 3
  </div>
  <div class="a-simple-grid--block2">
    My content 4
  </div>
</div>
  </div>
</div>
  </body>
</html>
