<!DOCTYPE html>
<html>
  <head>
    <title>My title</title>
  </head>
  <body>
    Hello world into very deep subfolder
  </body>
</html>
