<!DOCTYPE html>
<html>
  <head>
    <title>My title</title>
  </head>
  <body>
    Hello world - with param : default, no additional param.
  </body>
</html>
