<!DOCTYPE html>
<html>
  <head>
    <title>My title</title>
  </head>
  <body>
    <%= include('content-hello-world') %>
  </body>
</html>
