<!DOCTYPE html>
<html>
<head>
    <title>My title</title>
</head>
<body>
<ul>
    <li>
        <a href="/home/mentions-legales.html">
            Mentions l√©gales</a></li>
    <li>
        <a href="/home/contact.html">
            Nous contacter</a></li>
    <li>
        <a href="/espace-presse">
            Espace presse</a></li>
    <li>
        <a href="/abonnement-lettre-information">
            Lettre d&#039;information</a></li>
    <li>
        <a href="/home/ville-de-nantes/proximite/relation-aux-usagers/nantes-passion.html">
            Nantes Passion</a></li>
    <li>
        <a href="/home/a-votre-service/fiches-pratiques/mairie/consulter-votre-messagerie-mail.html">
            Mail in Nantes</a></li>
</ul>
</body>
</html>